2026-09-09 10:57:37 | workflow foundation_models started launch_id=selena_20260909T084557Z_38191 task=chronos2 slurm_job_id=3241612 slurm_array_job_id=none slurm_array_task_id=none
2026-09-09 10:57:37 | stage evaluate started
2026-09-09 10:57:37 | task model=chronos2 runner=run_chronos2.sh environment=uv covariate_mode=none target_mode=auto started
[2026-09-09 10:57:37] TIME runner: run_chronos2.sh
[2026-09-09 10:57:37] datasets: /scratch/users/h61084/datasets/hf_dataset
[2026-09-09 10:57:37] weights: /scratch/users/h61084/weights
[2026-09-09 10:57:37] outputs: /scratch/users/h61084/codes/improved/outputs
[2026-09-09 10:57:37] covariate mode: none
[2026-09-09 10:57:37] target mode: auto

############################################################
# Dataset 1/1: Water_Quality_Darwin/15T
############################################################
Loading configuration...

============================================================
Dataset: Water_Quality_Darwin/15T
Model: amazon/chronos-2
Checkpoint: /fslarge/scratch/users/h61084/weights/chronos2
Terms: ['short', 'medium', 'long']
Covariate mode: none
============================================================

--- Term: short ---
  Config: prediction_length=16, test_length=1440, val_length=1440
TIME run allocation action=skip run=/fslarge/scratch/users/h61084/codes/improved/outputs/foundation_models/tasks/chronos2/multivariate/Water_Quality_Darwin/15T/short/run_0 source_launch=selena_20260908T145416Z_18651 launch_id=selena_20260909T084557Z_38191 slurm_job_id=3241612 launched_at=2026-09-09T08:57:46.095604+00:00
  Reused completed task: /fslarge/scratch/users/h61084/codes/improved/outputs/foundation_models/tasks/chronos2/multivariate/Water_Quality_Darwin/15T/short/run_0

--- Term: medium ---
  Config: prediction_length=96, test_length=1440, val_length=1440
TIME run allocation action=skip run=/fslarge/scratch/users/h61084/codes/improved/outputs/foundation_models/tasks/chronos2/multivariate/Water_Quality_Darwin/15T/medium/run_0 source_launch=selena_20260908T145416Z_18651 launch_id=selena_20260909T084557Z_38191 slurm_job_id=3241612 launched_at=2026-09-09T08:57:46.126106+00:00
  Reused completed task: /fslarge/scratch/users/h61084/codes/improved/outputs/foundation_models/tasks/chronos2/multivariate/Water_Quality_Darwin/15T/medium/run_0

--- Term: long ---
  Config: prediction_length=288, test_length=1440, val_length=1440
TIME run allocation action=skip run=/fslarge/scratch/users/h61084/codes/improved/outputs/foundation_models/tasks/chronos2/multivariate/Water_Quality_Darwin/15T/long/run_0 source_launch=selena_20260908T145416Z_18651 launch_id=selena_20260909T084557Z_38191 slurm_job_id=3241612 launched_at=2026-09-09T08:57:46.144946+00:00
  Reused completed task: /fslarge/scratch/users/h61084/codes/improved/outputs/foundation_models/tasks/chronos2/multivariate/Water_Quality_Darwin/15T/long/run_0

============================================================
All experiments completed!
Results saved to: /scratch/users/h61084/codes/improved/outputs/foundation_models/tasks
============================================================

############################################################
# All 1 dataset(s) completed!
############################################################

############################################################
# Dataset 1/1: current_velocity/5T
############################################################
Loading configuration...

============================================================
Dataset: current_velocity/5T
Model: amazon/chronos-2
Checkpoint: /fslarge/scratch/users/h61084/weights/chronos2
Terms: ['short', 'medium', 'long']
Covariate mode: none
============================================================

--- Term: short ---
  Config: prediction_length=36, test_length=4320, val_length=4320
TIME run allocation action=skip run=/fslarge/scratch/users/h61084/codes/improved/outputs/foundation_models/tasks/chronos2/multivariate/current_velocity/5T/short/run_0 source_launch=selena_20260908T145416Z_18651 launch_id=selena_20260909T084557Z_38191 slurm_job_id=3241612 launched_at=2026-09-09T08:57:54.274546+00:00
  Reused completed task: /fslarge/scratch/users/h61084/codes/improved/outputs/foundation_models/tasks/chronos2/multivariate/current_velocity/5T/short/run_0

--- Term: medium ---
  Config: prediction_length=288, test_length=4320, val_length=4320
TIME run allocation action=skip run=/fslarge/scratch/users/h61084/codes/improved/outputs/foundation_models/tasks/chronos2/multivariate/current_velocity/5T/medium/run_0 source_launch=selena_20260908T145416Z_18651 launch_id=selena_20260909T084557Z_38191 slurm_job_id=3241612 launched_at=2026-09-09T08:57:54.300148+00:00
  Reused completed task: /fslarge/scratch/users/h61084/codes/improved/outputs/foundation_models/tasks/chronos2/multivariate/current_velocity/5T/medium/run_0

--- Term: long ---
  Config: prediction_length=864, test_length=4320, val_length=4320
TIME run allocation action=skip run=/fslarge/scratch/users/h61084/codes/improved/outputs/foundation_models/tasks/chronos2/multivariate/current_velocity/5T/long/run_0 source_launch=selena_20260908T145416Z_18651 launch_id=selena_20260909T084557Z_38191 slurm_job_id=3241612 launched_at=2026-09-09T08:57:54.324494+00:00
  Reused completed task: /fslarge/scratch/users/h61084/codes/improved/outputs/foundation_models/tasks/chronos2/multivariate/current_velocity/5T/long/run_0

============================================================
All experiments completed!
Results saved to: /scratch/users/h61084/codes/improved/outputs/foundation_models/tasks
============================================================

############################################################
# All 1 dataset(s) completed!
############################################################

############################################################
# Dataset 1/1: current_velocity/10T
############################################################
Loading configuration...

============================================================
Dataset: current_velocity/10T
Model: amazon/chronos-2
Checkpoint: /fslarge/scratch/users/h61084/weights/chronos2
Terms: ['short', 'medium', 'long']
Covariate mode: none
============================================================

--- Term: short ---
  Config: prediction_length=18, test_length=2160, val_length=2160
TIME run allocation action=skip run=/fslarge/scratch/users/h61084/codes/improved/outputs/foundation_models/tasks/chronos2/multivariate/current_velocity/10T/short/run_0 source_launch=selena_20260908T145416Z_18651 launch_id=selena_20260909T084557Z_38191 slurm_job_id=3241612 launched_at=2026-09-09T08:58:02.524083+00:00
  Reused completed task: /fslarge/scratch/users/h61084/codes/improved/outputs/foundation_models/tasks/chronos2/multivariate/current_velocity/10T/short/run_0

--- Term: medium ---
  Config: prediction_length=144, test_length=2160, val_length=2160
TIME run allocation action=skip run=/fslarge/scratch/users/h61084/codes/improved/outputs/foundation_models/tasks/chronos2/multivariate/current_velocity/10T/medium/run_0 source_launch=selena_20260908T145416Z_18651 launch_id=selena_20260909T084557Z_38191 slurm_job_id=3241612 launched_at=2026-09-09T08:58:02.552246+00:00
  Reused completed task: /fslarge/scratch/users/h61084/codes/improved/outputs/foundation_models/tasks/chronos2/multivariate/current_velocity/10T/medium/run_0

--- Term: long ---
  Config: prediction_length=432, test_length=2160, val_length=2160
TIME run allocation action=skip run=/fslarge/scratch/users/h61084/codes/improved/outputs/foundation_models/tasks/chronos2/multivariate/current_velocity/10T/long/run_0 source_launch=selena_20260908T145416Z_18651 launch_id=selena_20260909T084557Z_38191 slurm_job_id=3241612 launched_at=2026-09-09T08:58:02.579671+00:00
  Reused completed task: /fslarge/scratch/users/h61084/codes/improved/outputs/foundation_models/tasks/chronos2/multivariate/current_velocity/10T/long/run_0

============================================================
All experiments completed!
Results saved to: /scratch/users/h61084/codes/improved/outputs/foundation_models/tasks
============================================================

############################################################
# All 1 dataset(s) completed!
############################################################

############################################################
# Dataset 1/1: current_velocity/15T
############################################################
Loading configuration...

============================================================
Dataset: current_velocity/15T
Model: amazon/chronos-2
Checkpoint: /fslarge/scratch/users/h61084/weights/chronos2
Terms: ['short', 'medium', 'long']
Covariate mode: none
============================================================

--- Term: short ---
  Config: prediction_length=12, test_length=1440, val_length=1440
TIME run allocation action=skip run=/fslarge/scratch/users/h61084/codes/improved/outputs/foundation_models/tasks/chronos2/multivariate/current_velocity/15T/short/run_0 source_launch=selena_20260908T145416Z_18651 launch_id=selena_20260909T084557Z_38191 slurm_job_id=3241612 launched_at=2026-09-09T08:58:10.718152+00:00
  Reused completed task: /fslarge/scratch/users/h61084/codes/improved/outputs/foundation_models/tasks/chronos2/multivariate/current_velocity/15T/short/run_0

--- Term: medium ---
  Config: prediction_length=96, test_length=1440, val_length=1440
TIME run allocation action=skip run=/fslarge/scratch/users/h61084/codes/improved/outputs/foundation_models/tasks/chronos2/multivariate/current_velocity/15T/medium/run_0 source_launch=selena_20260908T145416Z_18651 launch_id=selena_20260909T084557Z_38191 slurm_job_id=3241612 launched_at=2026-09-09T08:58:10.736896+00:00
  Reused completed task: /fslarge/scratch/users/h61084/codes/improved/outputs/foundation_models/tasks/chronos2/multivariate/current_velocity/15T/medium/run_0

--- Term: long ---
  Config: prediction_length=288, test_length=1440, val_length=1440
TIME run allocation action=skip run=/fslarge/scratch/users/h61084/codes/improved/outputs/foundation_models/tasks/chronos2/multivariate/current_velocity/15T/long/run_0 source_launch=selena_20260908T145416Z_18651 launch_id=selena_20260909T084557Z_38191 slurm_job_id=3241612 launched_at=2026-09-09T08:58:10.755192+00:00
  Reused completed task: /fslarge/scratch/users/h61084/codes/improved/outputs/foundation_models/tasks/chronos2/multivariate/current_velocity/15T/long/run_0

============================================================
All experiments completed!
Results saved to: /scratch/users/h61084/codes/improved/outputs/foundation_models/tasks
============================================================

############################################################
# All 1 dataset(s) completed!
############################################################

############################################################
# Dataset 1/1: current_velocity/20T
############################################################
Loading configuration...

============================================================
Dataset: current_velocity/20T
Model: amazon/chronos-2
Checkpoint: /fslarge/scratch/users/h61084/weights/chronos2
Terms: ['short', 'medium', 'long']
Covariate mode: none
============================================================

--- Term: short ---
  Config: prediction_length=9, test_length=1080, val_length=1080
TIME run allocation action=skip run=/fslarge/scratch/users/h61084/codes/improved/outputs/foundation_models/tasks/chronos2/multivariate/current_velocity/20T/short/run_0 source_launch=selena_20260908T145416Z_18651 launch_id=selena_20260909T084557Z_38191 slurm_job_id=3241612 launched_at=2026-09-09T08:58:18.919666+00:00
  Reused completed task: /fslarge/scratch/users/h61084/codes/improved/outputs/foundation_models/tasks/chronos2/multivariate/current_velocity/20T/short/run_0

--- Term: medium ---
  Config: prediction_length=72, test_length=1080, val_length=1080
TIME run allocation action=skip run=/fslarge/scratch/users/h61084/codes/improved/outputs/foundation_models/tasks/chronos2/multivariate/current_velocity/20T/medium/run_0 source_launch=selena_20260908T145416Z_18651 launch_id=selena_20260909T084557Z_38191 slurm_job_id=3241612 launched_at=2026-09-09T08:58:18.929708+00:00
  Reused completed task: /fslarge/scratch/users/h61084/codes/improved/outputs/foundation_models/tasks/chronos2/multivariate/current_velocity/20T/medium/run_0

--- Term: long ---
  Config: prediction_length=216, test_length=1080, val_length=1080
TIME run allocation action=skip run=/fslarge/scratch/users/h61084/codes/improved/outputs/foundation_models/tasks/chronos2/multivariate/current_velocity/20T/long/run_0 source_launch=selena_20260908T145416Z_18651 launch_id=selena_20260909T084557Z_38191 slurm_job_id=3241612 launched_at=2026-09-09T08:58:18.939293+00:00
  Reused completed task: /fslarge/scratch/users/h61084/codes/improved/outputs/foundation_models/tasks/chronos2/multivariate/current_velocity/20T/long/run_0

============================================================
All experiments completed!
Results saved to: /scratch/users/h61084/codes/improved/outputs/foundation_models/tasks
============================================================

############################################################
# All 1 dataset(s) completed!
############################################################

############################################################
# Dataset 1/1: current_velocity/H
############################################################
Loading configuration...

============================================================
Dataset: current_velocity/H
Model: amazon/chronos-2
Checkpoint: /fslarge/scratch/users/h61084/weights/chronos2
Terms: ['short', 'medium', 'long']
Covariate mode: none
============================================================

--- Term: short ---
  Config: prediction_length=24, test_length=672, val_length=672
TIME run allocation action=skip run=/fslarge/scratch/users/h61084/codes/improved/outputs/foundation_models/tasks/chronos2/multivariate/current_velocity/H/short/run_0 source_launch=selena_20260908T145416Z_18651 launch_id=selena_20260909T084557Z_38191 slurm_job_id=3241612 launched_at=2026-09-09T08:58:27.069547+00:00
  Reused completed task: /fslarge/scratch/users/h61084/codes/improved/outputs/foundation_models/tasks/chronos2/multivariate/current_velocity/H/short/run_0

--- Term: medium ---
  Config: prediction_length=168, test_length=672, val_length=672
TIME run allocation action=skip run=/fslarge/scratch/users/h61084/codes/improved/outputs/foundation_models/tasks/chronos2/multivariate/current_velocity/H/medium/run_0 source_launch=selena_20260908T145416Z_18651 launch_id=selena_20260909T084557Z_38191 slurm_job_id=3241612 launched_at=2026-09-09T08:58:27.079967+00:00
  Reused completed task: /fslarge/scratch/users/h61084/codes/improved/outputs/foundation_models/tasks/chronos2/multivariate/current_velocity/H/medium/run_0

--- Term: long ---
  Config: prediction_length=336, test_length=672, val_length=672
TIME run allocation action=skip run=/fslarge/scratch/users/h61084/codes/improved/outputs/foundation_models/tasks/chronos2/multivariate/current_velocity/H/long/run_0 source_launch=selena_20260908T145416Z_18651 launch_id=selena_20260909T084557Z_38191 slurm_job_id=3241612 launched_at=2026-09-09T08:58:27.090042+00:00
  Reused completed task: /fslarge/scratch/users/h61084/codes/improved/outputs/foundation_models/tasks/chronos2/multivariate/current_velocity/H/long/run_0

============================================================
All experiments completed!
Results saved to: /scratch/users/h61084/codes/improved/outputs/foundation_models/tasks
============================================================

############################################################
# All 1 dataset(s) completed!
############################################################

############################################################
# Dataset 1/1: CPHL/15T
############################################################
Loading configuration...

============================================================
Dataset: CPHL/15T
Model: amazon/chronos-2
Checkpoint: /fslarge/scratch/users/h61084/weights/chronos2
Terms: ['short', 'medium', 'long']
Covariate mode: none
============================================================

--- Term: short ---
  Config: prediction_length=12, test_length=1440, val_length=1440
TIME run allocation action=skip run=/fslarge/scratch/users/h61084/codes/improved/outputs/foundation_models/tasks/chronos2/univariate/CPHL/15T/short/run_0 source_launch=selena_20260908T145416Z_18651 launch_id=selena_20260909T084557Z_38191 slurm_job_id=3241612 launched_at=2026-09-09T08:58:35.243152+00:00
  Reused completed task: /fslarge/scratch/users/h61084/codes/improved/outputs/foundation_models/tasks/chronos2/univariate/CPHL/15T/short/run_0

--- Term: medium ---
  Config: prediction_length=96, test_length=1440, val_length=1440
TIME run allocation action=skip run=/fslarge/scratch/users/h61084/codes/improved/outputs/foundation_models/tasks/chronos2/univariate/CPHL/15T/medium/run_0 source_launch=selena_20260908T145416Z_18651 launch_id=selena_20260909T084557Z_38191 slurm_job_id=3241612 launched_at=2026-09-09T08:58:35.251208+00:00
  Reused completed task: /fslarge/scratch/users/h61084/codes/improved/outputs/foundation_models/tasks/chronos2/univariate/CPHL/15T/medium/run_0

--- Term: long ---
  Config: prediction_length=288, test_length=1440, val_length=1440
TIME run allocation action=skip run=/fslarge/scratch/users/h61084/codes/improved/outputs/foundation_models/tasks/chronos2/univariate/CPHL/15T/long/run_0 source_launch=selena_20260908T145416Z_18651 launch_id=selena_20260909T084557Z_38191 slurm_job_id=3241612 launched_at=2026-09-09T08:58:35.259027+00:00
  Reused completed task: /fslarge/scratch/users/h61084/codes/improved/outputs/foundation_models/tasks/chronos2/univariate/CPHL/15T/long/run_0

============================================================
All experiments completed!
Results saved to: /scratch/users/h61084/codes/improved/outputs/foundation_models/tasks
============================================================

############################################################
# All 1 dataset(s) completed!
############################################################

############################################################
# Dataset 1/1: CPHL/30T
############################################################
Loading configuration...

============================================================
Dataset: CPHL/30T
Model: amazon/chronos-2
Checkpoint: /fslarge/scratch/users/h61084/weights/chronos2
Terms: ['short', 'medium', 'long']
Covariate mode: none
============================================================

--- Term: short ---
  Config: prediction_length=12, test_length=1440, val_length=1440
TIME run allocation action=skip run=/fslarge/scratch/users/h61084/codes/improved/outputs/foundation_models/tasks/chronos2/univariate/CPHL/30T/short/run_0 source_launch=selena_20260908T145416Z_18651 launch_id=selena_20260909T084557Z_38191 slurm_job_id=3241612 launched_at=2026-09-09T08:58:43.412839+00:00
  Reused completed task: /fslarge/scratch/users/h61084/codes/improved/outputs/foundation_models/tasks/chronos2/univariate/CPHL/30T/short/run_0

--- Term: medium ---
  Config: prediction_length=48, test_length=1440, val_length=1440
TIME run allocation action=skip run=/fslarge/scratch/users/h61084/codes/improved/outputs/foundation_models/tasks/chronos2/univariate/CPHL/30T/medium/run_0 source_launch=selena_20260908T145416Z_18651 launch_id=selena_20260909T084557Z_38191 slurm_job_id=3241612 launched_at=2026-09-09T08:58:43.420729+00:00
  Reused completed task: /fslarge/scratch/users/h61084/codes/improved/outputs/foundation_models/tasks/chronos2/univariate/CPHL/30T/medium/run_0

--- Term: long ---
  Config: prediction_length=144, test_length=1440, val_length=1440
TIME run allocation action=skip run=/fslarge/scratch/users/h61084/codes/improved/outputs/foundation_models/tasks/chronos2/univariate/CPHL/30T/long/run_0 source_launch=selena_20260908T145416Z_18651 launch_id=selena_20260909T084557Z_38191 slurm_job_id=3241612 launched_at=2026-09-09T08:58:43.428531+00:00
  Reused completed task: /fslarge/scratch/users/h61084/codes/improved/outputs/foundation_models/tasks/chronos2/univariate/CPHL/30T/long/run_0

============================================================
All experiments completed!
Results saved to: /scratch/users/h61084/codes/improved/outputs/foundation_models/tasks
============================================================

############################################################
# All 1 dataset(s) completed!
############################################################

############################################################
# Dataset 1/1: CPHL/H
############################################################
Loading configuration...

============================================================
Dataset: CPHL/H
Model: amazon/chronos-2
Checkpoint: /fslarge/scratch/users/h61084/weights/chronos2
Terms: ['short', 'medium', 'long']
Covariate mode: none
============================================================

--- Term: short ---
  Config: prediction_length=24, test_length=672, val_length=672
TIME run allocation action=skip run=/fslarge/scratch/users/h61084/codes/improved/outputs/foundation_models/tasks/chronos2/univariate/CPHL/H/short/run_0 source_launch=selena_20260908T145416Z_18651 launch_id=selena_20260909T084557Z_38191 slurm_job_id=3241612 launched_at=2026-09-09T08:58:51.539893+00:00
  Reused completed task: /fslarge/scratch/users/h61084/codes/improved/outputs/foundation_models/tasks/chronos2/univariate/CPHL/H/short/run_0

--- Term: medium ---
  Config: prediction_length=168, test_length=672, val_length=672
TIME run allocation action=skip run=/fslarge/scratch/users/h61084/codes/improved/outputs/foundation_models/tasks/chronos2/univariate/CPHL/H/medium/run_0 source_launch=selena_20260908T145416Z_18651 launch_id=selena_20260909T084557Z_38191 slurm_job_id=3241612 launched_at=2026-09-09T08:58:51.547327+00:00
  Reused completed task: /fslarge/scratch/users/h61084/codes/improved/outputs/foundation_models/tasks/chronos2/univariate/CPHL/H/medium/run_0

--- Term: long ---
  Config: prediction_length=336, test_length=672, val_length=672
TIME run allocation action=skip run=/fslarge/scratch/users/h61084/codes/improved/outputs/foundation_models/tasks/chronos2/univariate/CPHL/H/long/run_0 source_launch=selena_20260908T145416Z_18651 launch_id=selena_20260909T084557Z_38191 slurm_job_id=3241612 launched_at=2026-09-09T08:58:51.554903+00:00
  Reused completed task: /fslarge/scratch/users/h61084/codes/improved/outputs/foundation_models/tasks/chronos2/univariate/CPHL/H/long/run_0

============================================================
All experiments completed!
Results saved to: /scratch/users/h61084/codes/improved/outputs/foundation_models/tasks
============================================================

############################################################
# All 1 dataset(s) completed!
############################################################

############################################################
# Dataset 1/1: Coastal_T_S/5T
############################################################
Loading configuration...

============================================================
Dataset: Coastal_T_S/5T
Model: amazon/chronos-2
Checkpoint: /fslarge/scratch/users/h61084/weights/chronos2
Terms: ['short', 'medium', 'long']
Covariate mode: none
============================================================

--- Term: short ---
  Config: prediction_length=36, test_length=4320, val_length=4320
TIME run allocation action=skip run=/fslarge/scratch/users/h61084/codes/improved/outputs/foundation_models/tasks/chronos2/multivariate/Coastal_T_S/5T/short/run_0 source_launch=selena_20260908T145416Z_18651 launch_id=selena_20260909T084557Z_38191 slurm_job_id=3241612 launched_at=2026-09-09T08:58:59.706185+00:00
  Reused completed task: /fslarge/scratch/users/h61084/codes/improved/outputs/foundation_models/tasks/chronos2/multivariate/Coastal_T_S/5T/short/run_0

--- Term: medium ---
  Config: prediction_length=288, test_length=4320, val_length=4320
TIME run allocation action=skip run=/fslarge/scratch/users/h61084/codes/improved/outputs/foundation_models/tasks/chronos2/multivariate/Coastal_T_S/5T/medium/run_0 source_launch=selena_20260908T145416Z_18651 launch_id=selena_20260909T084557Z_38191 slurm_job_id=3241612 launched_at=2026-09-09T08:58:59.756144+00:00
  Reused completed task: /fslarge/scratch/users/h61084/codes/improved/outputs/foundation_models/tasks/chronos2/multivariate/Coastal_T_S/5T/medium/run_0

--- Term: long ---
  Config: prediction_length=864, test_length=4320, val_length=4320
TIME run allocation action=skip run=/fslarge/scratch/users/h61084/codes/improved/outputs/foundation_models/tasks/chronos2/multivariate/Coastal_T_S/5T/long/run_0 source_launch=selena_20260908T145416Z_18651 launch_id=selena_20260909T084557Z_38191 slurm_job_id=3241612 launched_at=2026-09-09T08:58:59.804126+00:00
  Reused completed task: /fslarge/scratch/users/h61084/codes/improved/outputs/foundation_models/tasks/chronos2/multivariate/Coastal_T_S/5T/long/run_0

============================================================
All experiments completed!
Results saved to: /scratch/users/h61084/codes/improved/outputs/foundation_models/tasks
============================================================

############################################################
# All 1 dataset(s) completed!
############################################################

############################################################
# Dataset 1/1: Coastal_T_S/15T
############################################################
Loading configuration...

============================================================
Dataset: Coastal_T_S/15T
Model: amazon/chronos-2
Checkpoint: /fslarge/scratch/users/h61084/weights/chronos2
Terms: ['short', 'medium', 'long']
Covariate mode: none
============================================================

--- Term: short ---
  Config: prediction_length=12, test_length=1440, val_length=1440
TIME run allocation action=skip run=/fslarge/scratch/users/h61084/codes/improved/outputs/foundation_models/tasks/chronos2/multivariate/Coastal_T_S/15T/short/run_0 source_launch=selena_20260908T145416Z_18651 launch_id=selena_20260909T084557Z_38191 slurm_job_id=3241612 launched_at=2026-09-09T08:59:07.958960+00:00
  Reused completed task: /fslarge/scratch/users/h61084/codes/improved/outputs/foundation_models/tasks/chronos2/multivariate/Coastal_T_S/15T/short/run_0

--- Term: medium ---
  Config: prediction_length=96, test_length=1440, val_length=1440
TIME run allocation action=skip run=/fslarge/scratch/users/h61084/codes/improved/outputs/foundation_models/tasks/chronos2/multivariate/Coastal_T_S/15T/medium/run_0 source_launch=selena_20260908T145416Z_18651 launch_id=selena_20260909T084557Z_38191 slurm_job_id=3241612 launched_at=2026-09-09T08:59:07.973496+00:00
  Reused completed task: /fslarge/scratch/users/h61084/codes/improved/outputs/foundation_models/tasks/chronos2/multivariate/Coastal_T_S/15T/medium/run_0

--- Term: long ---
  Config: prediction_length=288, test_length=1440, val_length=1440
TIME run allocation action=skip run=/fslarge/scratch/users/h61084/codes/improved/outputs/foundation_models/tasks/chronos2/multivariate/Coastal_T_S/15T/long/run_0 source_launch=selena_20260908T145416Z_18651 launch_id=selena_20260909T084557Z_38191 slurm_job_id=3241612 launched_at=2026-09-09T08:59:07.987391+00:00
  Reused completed task: /fslarge/scratch/users/h61084/codes/improved/outputs/foundation_models/tasks/chronos2/multivariate/Coastal_T_S/15T/long/run_0

============================================================
All experiments completed!
Results saved to: /scratch/users/h61084/codes/improved/outputs/foundation_models/tasks
============================================================

############################################################
# All 1 dataset(s) completed!
############################################################

############################################################
# Dataset 1/1: Coastal_T_S/20T
############################################################
Loading configuration...

============================================================
Dataset: Coastal_T_S/20T
Model: amazon/chronos-2
Checkpoint: /fslarge/scratch/users/h61084/weights/chronos2
Terms: ['short', 'medium', 'long']
Covariate mode: none
============================================================

--- Term: short ---
  Config: prediction_length=9, test_length=1080, val_length=1080
TIME run allocation action=skip run=/fslarge/scratch/users/h61084/codes/improved/outputs/foundation_models/tasks/chronos2/multivariate/Coastal_T_S/20T/short/run_0 source_launch=selena_20260908T145416Z_18651 launch_id=selena_20260909T084557Z_38191 slurm_job_id=3241612 launched_at=2026-09-09T08:59:16.104688+00:00
  Reused completed task: /fslarge/scratch/users/h61084/codes/improved/outputs/foundation_models/tasks/chronos2/multivariate/Coastal_T_S/20T/short/run_0

--- Term: medium ---
  Config: prediction_length=72, test_length=1080, val_length=1080
TIME run allocation action=skip run=/fslarge/scratch/users/h61084/codes/improved/outputs/foundation_models/tasks/chronos2/multivariate/Coastal_T_S/20T/medium/run_0 source_launch=selena_20260908T145416Z_18651 launch_id=selena_20260909T084557Z_38191 slurm_job_id=3241612 launched_at=2026-09-09T08:59:16.114205+00:00
  Reused completed task: /fslarge/scratch/users/h61084/codes/improved/outputs/foundation_models/tasks/chronos2/multivariate/Coastal_T_S/20T/medium/run_0

--- Term: long ---
  Config: prediction_length=216, test_length=1080, val_length=1080
TIME run allocation action=skip run=/fslarge/scratch/users/h61084/codes/improved/outputs/foundation_models/tasks/chronos2/multivariate/Coastal_T_S/20T/long/run_0 source_launch=selena_20260908T145416Z_18651 launch_id=selena_20260909T084557Z_38191 slurm_job_id=3241612 launched_at=2026-09-09T08:59:16.123267+00:00
  Reused completed task: /fslarge/scratch/users/h61084/codes/improved/outputs/foundation_models/tasks/chronos2/multivariate/Coastal_T_S/20T/long/run_0

============================================================
All experiments completed!
Results saved to: /scratch/users/h61084/codes/improved/outputs/foundation_models/tasks
============================================================

############################################################
# All 1 dataset(s) completed!
############################################################

############################################################
# Dataset 1/1: Coastal_T_S/H
############################################################
Loading configuration...

============================================================
Dataset: Coastal_T_S/H
Model: amazon/chronos-2
Checkpoint: /fslarge/scratch/users/h61084/weights/chronos2
Terms: ['short', 'medium', 'long']
Covariate mode: none
============================================================

--- Term: short ---
  Config: prediction_length=24, test_length=672, val_length=672
TIME run allocation action=skip run=/fslarge/scratch/users/h61084/codes/improved/outputs/foundation_models/tasks/chronos2/multivariate/Coastal_T_S/H/short/run_0 source_launch=selena_20260908T145416Z_18651 launch_id=selena_20260909T084557Z_38191 slurm_job_id=3241612 launched_at=2026-09-09T08:59:24.259387+00:00
  Reused completed task: /fslarge/scratch/users/h61084/codes/improved/outputs/foundation_models/tasks/chronos2/multivariate/Coastal_T_S/H/short/run_0

--- Term: medium ---
  Config: prediction_length=168, test_length=672, val_length=672
TIME run allocation action=skip run=/fslarge/scratch/users/h61084/codes/improved/outputs/foundation_models/tasks/chronos2/multivariate/Coastal_T_S/H/medium/run_0 source_launch=selena_20260908T145416Z_18651 launch_id=selena_20260909T084557Z_38191 slurm_job_id=3241612 launched_at=2026-09-09T08:59:24.269803+00:00
  Reused completed task: /fslarge/scratch/users/h61084/codes/improved/outputs/foundation_models/tasks/chronos2/multivariate/Coastal_T_S/H/medium/run_0

--- Term: long ---
  Config: prediction_length=336, test_length=672, val_length=672
TIME run allocation action=skip run=/fslarge/scratch/users/h61084/codes/improved/outputs/foundation_models/tasks/chronos2/multivariate/Coastal_T_S/H/long/run_0 source_launch=selena_20260908T145416Z_18651 launch_id=selena_20260909T084557Z_38191 slurm_job_id=3241612 launched_at=2026-09-09T08:59:24.279337+00:00
  Reused completed task: /fslarge/scratch/users/h61084/codes/improved/outputs/foundation_models/tasks/chronos2/multivariate/Coastal_T_S/H/long/run_0

============================================================
All experiments completed!
Results saved to: /scratch/users/h61084/codes/improved/outputs/foundation_models/tasks
============================================================

############################################################
# All 1 dataset(s) completed!
############################################################

############################################################
# Dataset 1/1: SG_Weather/D
############################################################
Loading configuration...

============================================================
Dataset: SG_Weather/D
Model: amazon/chronos-2
Checkpoint: /fslarge/scratch/users/h61084/weights/chronos2
Terms: ['short', 'medium', 'long']
Covariate mode: none
============================================================

--- Term: short ---
  Config: prediction_length=3, test_length=366, val_length=366
TIME run allocation action=skip run=/fslarge/scratch/users/h61084/codes/improved/outputs/foundation_models/tasks/chronos2/multivariate/SG_Weather/D/short/run_0 source_launch=selena_20260908T145416Z_18651 launch_id=selena_20260909T084557Z_38191 slurm_job_id=3241612 launched_at=2026-09-09T08:59:32.419685+00:00
  Reused completed task: /fslarge/scratch/users/h61084/codes/improved/outputs/foundation_models/tasks/chronos2/multivariate/SG_Weather/D/short/run_0

--- Term: medium ---
  Config: prediction_length=7, test_length=366, val_length=366
TIME run allocation action=skip run=/fslarge/scratch/users/h61084/codes/improved/outputs/foundation_models/tasks/chronos2/multivariate/SG_Weather/D/medium/run_0 source_launch=selena_20260908T145416Z_18651 launch_id=selena_20260909T084557Z_38191 slurm_job_id=3241612 launched_at=2026-09-09T08:59:32.427913+00:00
  Reused completed task: /fslarge/scratch/users/h61084/codes/improved/outputs/foundation_models/tasks/chronos2/multivariate/SG_Weather/D/medium/run_0

--- Term: long ---
  Config: prediction_length=14, test_length=366, val_length=366
TIME run allocation action=skip run=/fslarge/scratch/users/h61084/codes/improved/outputs/foundation_models/tasks/chronos2/multivariate/SG_Weather/D/long/run_0 source_launch=selena_20260908T145416Z_18651 launch_id=selena_20260909T084557Z_38191 slurm_job_id=3241612 launched_at=2026-09-09T08:59:32.435867+00:00
  Reused completed task: /fslarge/scratch/users/h61084/codes/improved/outputs/foundation_models/tasks/chronos2/multivariate/SG_Weather/D/long/run_0

============================================================
All experiments completed!
Results saved to: /scratch/users/h61084/codes/improved/outputs/foundation_models/tasks
============================================================

############################################################
# All 1 dataset(s) completed!
############################################################

############################################################
# Dataset 1/1: SG_PM25/H
############################################################
Loading configuration...

============================================================
Dataset: SG_PM25/H
Model: amazon/chronos-2
Checkpoint: /fslarge/scratch/users/h61084/weights/chronos2
Terms: ['short', 'medium', 'long']
Covariate mode: none
============================================================

--- Term: short ---
  Config: prediction_length=24, test_length=2208, val_length=2160
TIME run allocation action=skip run=/fslarge/scratch/users/h61084/codes/improved/outputs/foundation_models/tasks/chronos2/multivariate/SG_PM25/H/short/run_0 source_launch=selena_20260908T145416Z_18651 launch_id=selena_20260909T084557Z_38191 slurm_job_id=3241612 launched_at=2026-09-09T08:59:40.589440+00:00
  Reused completed task: /fslarge/scratch/users/h61084/codes/improved/outputs/foundation_models/tasks/chronos2/multivariate/SG_PM25/H/short/run_0

--- Term: medium ---
  Config: prediction_length=72, test_length=2208, val_length=2160
TIME run allocation action=skip run=/fslarge/scratch/users/h61084/codes/improved/outputs/foundation_models/tasks/chronos2/multivariate/SG_PM25/H/medium/run_0 source_launch=selena_20260908T145416Z_18651 launch_id=selena_20260909T084557Z_38191 slurm_job_id=3241612 launched_at=2026-09-09T08:59:40.619804+00:00
  Reused completed task: /fslarge/scratch/users/h61084/codes/improved/outputs/foundation_models/tasks/chronos2/multivariate/SG_PM25/H/medium/run_0

--- Term: long ---
  Config: prediction_length=168, test_length=2208, val_length=2160
TIME run allocation action=skip run=/fslarge/scratch/users/h61084/codes/improved/outputs/foundation_models/tasks/chronos2/multivariate/SG_PM25/H/long/run_0 source_launch=selena_20260908T145416Z_18651 launch_id=selena_20260909T084557Z_38191 slurm_job_id=3241612 launched_at=2026-09-09T08:59:40.649778+00:00
  Reused completed task: /fslarge/scratch/users/h61084/codes/improved/outputs/foundation_models/tasks/chronos2/multivariate/SG_PM25/H/long/run_0

============================================================
All experiments completed!
Results saved to: /scratch/users/h61084/codes/improved/outputs/foundation_models/tasks
============================================================

############################################################
# All 1 dataset(s) completed!
############################################################

############################################################
# Dataset 1/1: NE_China_Wind/H
############################################################
Loading configuration...

============================================================
Dataset: NE_China_Wind/H
Model: amazon/chronos-2
Checkpoint: /fslarge/scratch/users/h61084/weights/chronos2
Terms: ['short', 'medium', 'long']
Covariate mode: none
============================================================

--- Term: short ---
  Config: prediction_length=24, test_length=720, val_length=720
TIME run allocation action=skip run=/fslarge/scratch/users/h61084/codes/improved/outputs/foundation_models/tasks/chronos2/multivariate/NE_China_Wind/H/short/run_0 source_launch=selena_20260908T145416Z_18651 launch_id=selena_20260909T084557Z_38191 slurm_job_id=3241612 launched_at=2026-09-09T08:59:48.756407+00:00
  Reused completed task: /fslarge/scratch/users/h61084/codes/improved/outputs/foundation_models/tasks/chronos2/multivariate/NE_China_Wind/H/short/run_0

--- Term: medium ---
  Config: prediction_length=72, test_length=720, val_length=720
TIME run allocation action=skip run=/fslarge/scratch/users/h61084/codes/improved/outputs/foundation_models/tasks/chronos2/multivariate/NE_China_Wind/H/medium/run_0 source_launch=selena_20260908T145416Z_18651 launch_id=selena_20260909T084557Z_38191 slurm_job_id=3241612 launched_at=2026-09-09T08:59:48.767223+00:00
  Reused completed task: /fslarge/scratch/users/h61084/codes/improved/outputs/foundation_models/tasks/chronos2/multivariate/NE_China_Wind/H/medium/run_0

--- Term: long ---
  Config: prediction_length=168, test_length=720, val_length=720
TIME run allocation action=skip run=/fslarge/scratch/users/h61084/codes/improved/outputs/foundation_models/tasks/chronos2/multivariate/NE_China_Wind/H/long/run_0 source_launch=selena_20260908T145416Z_18651 launch_id=selena_20260909T084557Z_38191 slurm_job_id=3241612 launched_at=2026-09-09T08:59:48.777634+00:00
  Reused completed task: /fslarge/scratch/users/h61084/codes/improved/outputs/foundation_models/tasks/chronos2/multivariate/NE_China_Wind/H/long/run_0

============================================================
All experiments completed!
Results saved to: /scratch/users/h61084/codes/improved/outputs/foundation_models/tasks
============================================================

############################################################
# All 1 dataset(s) completed!
############################################################

############################################################
# Dataset 1/1: Australia_Solar/H
############################################################
Loading configuration...

============================================================
Dataset: Australia_Solar/H
Model: amazon/chronos-2
Checkpoint: /fslarge/scratch/users/h61084/weights/chronos2
Terms: ['short', 'medium', 'long']
Covariate mode: none
============================================================

--- Term: short ---
  Config: prediction_length=24, test_length=2520, val_length=2520
TIME run allocation action=skip run=/fslarge/scratch/users/h61084/codes/improved/outputs/foundation_models/tasks/chronos2/multivariate/Australia_Solar/H/short/run_0 source_launch=selena_20260908T145416Z_18651 launch_id=selena_20260909T084557Z_38191 slurm_job_id=3241612 launched_at=2026-09-09T08:59:56.863074+00:00
  Reused completed task: /fslarge/scratch/users/h61084/codes/improved/outputs/foundation_models/tasks/chronos2/multivariate/Australia_Solar/H/short/run_0

--- Term: medium ---
  Config: prediction_length=72, test_length=2520, val_length=2520
TIME run allocation action=skip run=/fslarge/scratch/users/h61084/codes/improved/outputs/foundation_models/tasks/chronos2/multivariate/Australia_Solar/H/medium/run_0 source_launch=selena_20260908T145416Z_18651 launch_id=selena_20260909T084557Z_38191 slurm_job_id=3241612 launched_at=2026-09-09T08:59:56.881735+00:00
  Reused completed task: /fslarge/scratch/users/h61084/codes/improved/outputs/foundation_models/tasks/chronos2/multivariate/Australia_Solar/H/medium/run_0

--- Term: long ---
  Config: prediction_length=168, test_length=2520, val_length=2520
TIME run allocation action=skip run=/fslarge/scratch/users/h61084/codes/improved/outputs/foundation_models/tasks/chronos2/multivariate/Australia_Solar/H/long/run_0 source_launch=selena_20260908T145416Z_18651 launch_id=selena_20260909T084557Z_38191 slurm_job_id=3241612 launched_at=2026-09-09T08:59:56.899925+00:00
  Reused completed task: /fslarge/scratch/users/h61084/codes/improved/outputs/foundation_models/tasks/chronos2/multivariate/Australia_Solar/H/long/run_0

============================================================
All experiments completed!
Results saved to: /scratch/users/h61084/codes/improved/outputs/foundation_models/tasks
============================================================

############################################################
# All 1 dataset(s) completed!
############################################################

############################################################
# Dataset 1/1: epf_electricity_price/H
############################################################
Loading configuration...

============================================================
Dataset: epf_electricity_price/H
Model: amazon/chronos-2
Checkpoint: /fslarge/scratch/users/h61084/weights/chronos2
Terms: ['short', 'medium', 'long']
Covariate mode: none
============================================================

--- Term: short ---
  Config: prediction_length=24, test_length=2520, val_length=2520
TIME run allocation action=skip run=/fslarge/scratch/users/h61084/codes/improved/outputs/foundation_models/tasks/chronos2/univariate/epf_electricity_price/H/short/run_0 source_launch=selena_20260908T145416Z_18651 launch_id=selena_20260909T084557Z_38191 slurm_job_id=3241612 launched_at=2026-09-09T09:00:05.010125+00:00
  Reused completed task: /fslarge/scratch/users/h61084/codes/improved/outputs/foundation_models/tasks/chronos2/univariate/epf_electricity_price/H/short/run_0

--- Term: medium ---
  Config: prediction_length=72, test_length=2520, val_length=2520
TIME run allocation action=skip run=/fslarge/scratch/users/h61084/codes/improved/outputs/foundation_models/tasks/chronos2/univariate/epf_electricity_price/H/medium/run_0 source_launch=selena_20260908T145416Z_18651 launch_id=selena_20260909T084557Z_38191 slurm_job_id=3241612 launched_at=2026-09-09T09:00:05.022276+00:00
  Reused completed task: /fslarge/scratch/users/h61084/codes/improved/outputs/foundation_models/tasks/chronos2/univariate/epf_electricity_price/H/medium/run_0

--- Term: long ---
  Config: prediction_length=168, test_length=2520, val_length=2520
TIME run allocation action=skip run=/fslarge/scratch/users/h61084/codes/improved/outputs/foundation_models/tasks/chronos2/univariate/epf_electricity_price/H/long/run_0 source_launch=selena_20260908T145416Z_18651 launch_id=selena_20260909T084557Z_38191 slurm_job_id=3241612 launched_at=2026-09-09T09:00:05.034245+00:00
  Reused completed task: /fslarge/scratch/users/h61084/codes/improved/outputs/foundation_models/tasks/chronos2/univariate/epf_electricity_price/H/long/run_0

============================================================
All experiments completed!
Results saved to: /scratch/users/h61084/codes/improved/outputs/foundation_models/tasks
============================================================

############################################################
# All 1 dataset(s) completed!
############################################################

############################################################
# Dataset 1/1: OpenElectricity_NEM/5T
############################################################
Loading configuration...

============================================================
Dataset: OpenElectricity_NEM/5T
Model: amazon/chronos-2
Checkpoint: /fslarge/scratch/users/h61084/weights/chronos2
Terms: ['short', 'medium', 'long']
Covariate mode: none
============================================================

--- Term: short ---
  Config: prediction_length=24, test_length=4032, val_length=4032
TIME run allocation action=skip run=/fslarge/scratch/users/h61084/codes/improved/outputs/foundation_models/tasks/chronos2/multivariate/OpenElectricity_NEM/5T/short/run_0 source_launch=selena_20260908T145416Z_18651 launch_id=selena_20260909T084557Z_38191 slurm_job_id=3241612 launched_at=2026-09-09T09:00:13.241471+00:00
  Reused completed task: /fslarge/scratch/users/h61084/codes/improved/outputs/foundation_models/tasks/chronos2/multivariate/OpenElectricity_NEM/5T/short/run_0

--- Term: medium ---
  Config: prediction_length=96, test_length=4032, val_length=4032
TIME run allocation action=skip run=/fslarge/scratch/users/h61084/codes/improved/outputs/foundation_models/tasks/chronos2/multivariate/OpenElectricity_NEM/5T/medium/run_0 source_launch=selena_20260908T145416Z_18651 launch_id=selena_20260909T084557Z_38191 slurm_job_id=3241612 launched_at=2026-09-09T09:00:13.307013+00:00
  Reused completed task: /fslarge/scratch/users/h61084/codes/improved/outputs/foundation_models/tasks/chronos2/multivariate/OpenElectricity_NEM/5T/medium/run_0

--- Term: long ---
  Config: prediction_length=288, test_length=4032, val_length=4032
TIME run allocation action=skip run=/fslarge/scratch/users/h61084/codes/improved/outputs/foundation_models/tasks/chronos2/multivariate/OpenElectricity_NEM/5T/long/run_0 source_launch=selena_20260908T145416Z_18651 launch_id=selena_20260909T084557Z_38191 slurm_job_id=3241612 launched_at=2026-09-09T09:00:13.370800+00:00
  Reused completed task: /fslarge/scratch/users/h61084/codes/improved/outputs/foundation_models/tasks/chronos2/multivariate/OpenElectricity_NEM/5T/long/run_0

============================================================
All experiments completed!
Results saved to: /scratch/users/h61084/codes/improved/outputs/foundation_models/tasks
============================================================

############################################################
# All 1 dataset(s) completed!
############################################################

############################################################
# Dataset 1/1: EWELD_Load/15T
############################################################
Loading configuration...

============================================================
Dataset: EWELD_Load/15T
Model: amazon/chronos-2
Checkpoint: /fslarge/scratch/users/h61084/weights/chronos2
Terms: ['short', 'medium', 'long']
Covariate mode: none
============================================================

--- Term: short ---
  Config: prediction_length=24, test_length=1344, val_length=1344
TIME run allocation action=skip run=/fslarge/scratch/users/h61084/codes/improved/outputs/foundation_models/tasks/chronos2/multivariate/EWELD_Load/15T/short/run_0 source_launch=selena_20260908T145416Z_18651 launch_id=selena_20260909T084557Z_38191 slurm_job_id=3241612 launched_at=2026-09-09T09:00:21.533908+00:00
  Reused completed task: /fslarge/scratch/users/h61084/codes/improved/outputs/foundation_models/tasks/chronos2/multivariate/EWELD_Load/15T/short/run_0

--- Term: medium ---
  Config: prediction_length=96, test_length=1344, val_length=1344
TIME run allocation action=skip run=/fslarge/scratch/users/h61084/codes/improved/outputs/foundation_models/tasks/chronos2/multivariate/EWELD_Load/15T/medium/run_0 source_launch=selena_20260908T145416Z_18651 launch_id=selena_20260909T084557Z_38191 slurm_job_id=3241612 launched_at=2026-09-09T09:00:21.566941+00:00
  Reused completed task: /fslarge/scratch/users/h61084/codes/improved/outputs/foundation_models/tasks/chronos2/multivariate/EWELD_Load/15T/medium/run_0

--- Term: long ---
  Config: prediction_length=672, test_length=1344, val_length=1344
TIME run allocation action=skip run=/fslarge/scratch/users/h61084/codes/improved/outputs/foundation_models/tasks/chronos2/multivariate/EWELD_Load/15T/long/run_0 source_launch=selena_20260908T145416Z_18651 launch_id=selena_20260909T084557Z_38191 slurm_job_id=3241612 launched_at=2026-09-09T09:00:21.598469+00:00
  Reused completed task: /fslarge/scratch/users/h61084/codes/improved/outputs/foundation_models/tasks/chronos2/multivariate/EWELD_Load/15T/long/run_0

============================================================
All experiments completed!
Results saved to: /scratch/users/h61084/codes/improved/outputs/foundation_models/tasks
============================================================

############################################################
# All 1 dataset(s) completed!
############################################################

############################################################
# Dataset 1/1: SG_Carpark/15T
############################################################
Loading configuration...

============================================================
Dataset: SG_Carpark/15T
Model: amazon/chronos-2
Checkpoint: /fslarge/scratch/users/h61084/weights/chronos2
Terms: ['short', 'medium', 'long']
Covariate mode: none
============================================================

--- Term: short ---
  Config: prediction_length=16, test_length=672, val_length=672
TIME run allocation action=skip run=/fslarge/scratch/users/h61084/codes/improved/outputs/foundation_models/tasks/chronos2/univariate/SG_Carpark/15T/short/run_0 source_launch=selena_20260908T145416Z_18651 launch_id=selena_20260909T084557Z_38191 slurm_job_id=3241612 launched_at=2026-09-09T09:00:29.977450+00:00
  Reused completed task: /fslarge/scratch/users/h61084/codes/improved/outputs/foundation_models/tasks/chronos2/univariate/SG_Carpark/15T/short/run_0

--- Term: medium ---
  Config: prediction_length=96, test_length=672, val_length=672
TIME run allocation action=skip run=/fslarge/scratch/users/h61084/codes/improved/outputs/foundation_models/tasks/chronos2/univariate/SG_Carpark/15T/medium/run_0 source_launch=selena_20260908T145416Z_18651 launch_id=selena_20260909T084557Z_38191 slurm_job_id=3241612 launched_at=2026-09-09T09:00:29.985795+00:00
  Reused completed task: /fslarge/scratch/users/h61084/codes/improved/outputs/foundation_models/tasks/chronos2/univariate/SG_Carpark/15T/medium/run_0

--- Term: long ---
  Config: prediction_length=672, test_length=672, val_length=672
TIME run allocation action=skip run=/fslarge/scratch/users/h61084/codes/improved/outputs/foundation_models/tasks/chronos2/univariate/SG_Carpark/15T/long/run_0 source_launch=selena_20260908T145416Z_18651 launch_id=selena_20260909T084557Z_38191 slurm_job_id=3241612 launched_at=2026-09-09T09:00:29.993980+00:00
  Reused completed task: /fslarge/scratch/users/h61084/codes/improved/outputs/foundation_models/tasks/chronos2/univariate/SG_Carpark/15T/long/run_0

============================================================
All experiments completed!
Results saved to: /scratch/users/h61084/codes/improved/outputs/foundation_models/tasks
============================================================

############################################################
# All 1 dataset(s) completed!
############################################################

############################################################
# Dataset 1/1: Finland_Traffic/15T
############################################################
Loading configuration...

============================================================
Dataset: Finland_Traffic/15T
Model: amazon/chronos-2
Checkpoint: /fslarge/scratch/users/h61084/weights/chronos2
Terms: ['short', 'medium', 'long']
Covariate mode: none
============================================================

--- Term: short ---
  Config: prediction_length=16, test_length=2976, val_length=2880
TIME run allocation action=skip run=/fslarge/scratch/users/h61084/codes/improved/outputs/foundation_models/tasks/chronos2/univariate/Finland_Traffic/15T/short/run_0 source_launch=selena_20260908T145416Z_18651 launch_id=selena_20260909T084557Z_38191 slurm_job_id=3241612 launched_at=2026-09-09T09:00:38.173346+00:00
  Reused completed task: /fslarge/scratch/users/h61084/codes/improved/outputs/foundation_models/tasks/chronos2/univariate/Finland_Traffic/15T/short/run_0

--- Term: medium ---
  Config: prediction_length=96, test_length=2976, val_length=2880
TIME run allocation action=skip run=/fslarge/scratch/users/h61084/codes/improved/outputs/foundation_models/tasks/chronos2/univariate/Finland_Traffic/15T/medium/run_0 source_launch=selena_20260908T145416Z_18651 launch_id=selena_20260909T084557Z_38191 slurm_job_id=3241612 launched_at=2026-09-09T09:00:38.183526+00:00
  Reused completed task: /fslarge/scratch/users/h61084/codes/improved/outputs/foundation_models/tasks/chronos2/univariate/Finland_Traffic/15T/medium/run_0

--- Term: long ---
  Config: prediction_length=672, test_length=2976, val_length=2880
TIME run allocation action=skip run=/fslarge/scratch/users/h61084/codes/improved/outputs/foundation_models/tasks/chronos2/univariate/Finland_Traffic/15T/long/run_0 source_launch=selena_20260908T145416Z_18651 launch_id=selena_20260909T084557Z_38191 slurm_job_id=3241612 launched_at=2026-09-09T09:00:38.193692+00:00
  Reused completed task: /fslarge/scratch/users/h61084/codes/improved/outputs/foundation_models/tasks/chronos2/univariate/Finland_Traffic/15T/long/run_0

============================================================
All experiments completed!
Results saved to: /scratch/users/h61084/codes/improved/outputs/foundation_models/tasks
============================================================

############################################################
# All 1 dataset(s) completed!
############################################################

############################################################
# Dataset 1/1: Port_Activity/D
############################################################
Loading configuration...

============================================================
Dataset: Port_Activity/D
Model: amazon/chronos-2
Checkpoint: /fslarge/scratch/users/h61084/weights/chronos2
Terms: ['short']
Covariate mode: none
============================================================

--- Term: short ---
  Config: prediction_length=30, test_length=365, val_length=90
TIME run allocation action=skip run=/fslarge/scratch/users/h61084/codes/improved/outputs/foundation_models/tasks/chronos2/multivariate/Port_Activity/D/short/run_0 source_launch=selena_20260908T145416Z_18651 launch_id=selena_20260909T084557Z_38191 slurm_job_id=3241612 launched_at=2026-09-09T09:00:46.345498+00:00
  Reused completed task: /fslarge/scratch/users/h61084/codes/improved/outputs/foundation_models/tasks/chronos2/multivariate/Port_Activity/D/short/run_0

============================================================
All experiments completed!
Results saved to: /scratch/users/h61084/codes/improved/outputs/foundation_models/tasks
============================================================

############################################################
# All 1 dataset(s) completed!
############################################################

############################################################
# Dataset 1/1: Port_Activity/W
############################################################
Loading configuration...

============================================================
Dataset: Port_Activity/W
Model: amazon/chronos-2
Checkpoint: /fslarge/scratch/users/h61084/weights/chronos2
Terms: ['short']
Covariate mode: none
============================================================

--- Term: short ---
  Config: prediction_length=13, test_length=52, val_length=13
TIME run allocation action=skip run=/fslarge/scratch/users/h61084/codes/improved/outputs/foundation_models/tasks/chronos2/multivariate/Port_Activity/W/short/run_0 source_launch=selena_20260908T145416Z_18651 launch_id=selena_20260909T084557Z_38191 slurm_job_id=3241612 launched_at=2026-09-09T09:00:54.439028+00:00
  Reused completed task: /fslarge/scratch/users/h61084/codes/improved/outputs/foundation_models/tasks/chronos2/multivariate/Port_Activity/W/short/run_0

============================================================
All experiments completed!
Results saved to: /scratch/users/h61084/codes/improved/outputs/foundation_models/tasks
============================================================

############################################################
# All 1 dataset(s) completed!
############################################################

############################################################
# Dataset 1/1: ECDC_COVID/D
############################################################
Loading configuration...

============================================================
Dataset: ECDC_COVID/D
Model: amazon/chronos-2
Checkpoint: /fslarge/scratch/users/h61084/weights/chronos2
Terms: ['short']
Covariate mode: none
============================================================

--- Term: short ---
  Config: prediction_length=30, test_length=150, val_length=30
TIME run allocation action=skip run=/fslarge/scratch/users/h61084/codes/improved/outputs/foundation_models/tasks/chronos2/univariate/ECDC_COVID/D/short/run_0 source_launch=selena_20260908T145416Z_18651 launch_id=selena_20260909T084557Z_38191 slurm_job_id=3241612 launched_at=2026-09-09T09:01:02.544355+00:00
  Reused completed task: /fslarge/scratch/users/h61084/codes/improved/outputs/foundation_models/tasks/chronos2/univariate/ECDC_COVID/D/short/run_0

============================================================
All experiments completed!
Results saved to: /scratch/users/h61084/codes/improved/outputs/foundation_models/tasks
============================================================

############################################################
# All 1 dataset(s) completed!
############################################################

############################################################
# Dataset 1/1: ECDC_COVID/W
############################################################
Loading configuration...

============================================================
Dataset: ECDC_COVID/W
Model: amazon/chronos-2
Checkpoint: /fslarge/scratch/users/h61084/weights/chronos2
Terms: ['short']
Covariate mode: none
============================================================

--- Term: short ---
  Config: prediction_length=13, test_length=52, val_length=13
TIME run allocation action=skip run=/fslarge/scratch/users/h61084/codes/improved/outputs/foundation_models/tasks/chronos2/univariate/ECDC_COVID/W/short/run_0 source_launch=selena_20260908T145416Z_18651 launch_id=selena_20260909T084557Z_38191 slurm_job_id=3241612 launched_at=2026-09-09T09:01:10.654255+00:00
  Reused completed task: /fslarge/scratch/users/h61084/codes/improved/outputs/foundation_models/tasks/chronos2/univariate/ECDC_COVID/W/short/run_0

============================================================
All experiments completed!
Results saved to: /scratch/users/h61084/codes/improved/outputs/foundation_models/tasks
============================================================

############################################################
# All 1 dataset(s) completed!
############################################################

############################################################
# Dataset 1/1: Global_Influenza/W
############################################################
Loading configuration...

============================================================
Dataset: Global_Influenza/W
Model: amazon/chronos-2
Checkpoint: /fslarge/scratch/users/h61084/weights/chronos2
Terms: ['short']
Covariate mode: none
============================================================

--- Term: short ---
  Config: prediction_length=13, test_length=52, val_length=13
TIME run allocation action=skip run=/fslarge/scratch/users/h61084/codes/improved/outputs/foundation_models/tasks/chronos2/multivariate/Global_Influenza/W/short/run_0 source_launch=selena_20260908T145416Z_18651 launch_id=selena_20260909T084557Z_38191 slurm_job_id=3241612 launched_at=2026-09-09T09:01:18.798595+00:00
  Reused completed task: /fslarge/scratch/users/h61084/codes/improved/outputs/foundation_models/tasks/chronos2/multivariate/Global_Influenza/W/short/run_0

============================================================
All experiments completed!
Results saved to: /scratch/users/h61084/codes/improved/outputs/foundation_models/tasks
============================================================

############################################################
# All 1 dataset(s) completed!
############################################################

############################################################
# Dataset 1/1: Crypto/D
############################################################
Loading configuration...

============================================================
Dataset: Crypto/D
Model: amazon/chronos-2
Checkpoint: /fslarge/scratch/users/h61084/weights/chronos2
Terms: ['short']
Covariate mode: none
============================================================

--- Term: short ---
  Config: prediction_length=30, test_length=273, val_length=92
TIME run allocation action=skip run=/fslarge/scratch/users/h61084/codes/improved/outputs/foundation_models/tasks/chronos2/multivariate/Crypto/D/short/run_0 source_launch=selena_20260908T145416Z_18651 launch_id=selena_20260909T084557Z_38191 slurm_job_id=3241612 launched_at=2026-09-09T09:01:26.848514+00:00
  Reused completed task: /fslarge/scratch/users/h61084/codes/improved/outputs/foundation_models/tasks/chronos2/multivariate/Crypto/D/short/run_0

============================================================
All experiments completed!
Results saved to: /scratch/users/h61084/codes/improved/outputs/foundation_models/tasks
============================================================

############################################################
# All 1 dataset(s) completed!
############################################################

############################################################
# Dataset 1/1: US_Term_Structure/B
############################################################
Loading configuration...

============================================================
Dataset: US_Term_Structure/B
Model: amazon/chronos-2
Checkpoint: /fslarge/scratch/users/h61084/weights/chronos2
Terms: ['short']
Covariate mode: none
============================================================

--- Term: short ---
  Config: prediction_length=20, test_length=717, val_length=100
TIME run allocation action=skip run=/fslarge/scratch/users/h61084/codes/improved/outputs/foundation_models/tasks/chronos2/multivariate/US_Term_Structure/B/short/run_0 source_launch=selena_20260908T145416Z_18651 launch_id=selena_20260909T084557Z_38191 slurm_job_id=3241612 launched_at=2026-09-09T09:01:35.059977+00:00
  Reused completed task: /fslarge/scratch/users/h61084/codes/improved/outputs/foundation_models/tasks/chronos2/multivariate/US_Term_Structure/B/short/run_0

============================================================
All experiments completed!
Results saved to: /scratch/users/h61084/codes/improved/outputs/foundation_models/tasks
============================================================

############################################################
# All 1 dataset(s) completed!
############################################################

############################################################
# Dataset 1/1: Oil_Price/B
############################################################
Loading configuration...

============================================================
Dataset: Oil_Price/B
Model: amazon/chronos-2
Checkpoint: /fslarge/scratch/users/h61084/weights/chronos2
Terms: ['short']
Covariate mode: none
============================================================

--- Term: short ---
  Config: prediction_length=20, test_length=717, val_length=100
TIME run allocation action=skip run=/fslarge/scratch/users/h61084/codes/improved/outputs/foundation_models/tasks/chronos2/multivariate/Oil_Price/B/short/run_0 source_launch=selena_20260908T145416Z_18651 launch_id=selena_20260909T084557Z_38191 slurm_job_id=3241612 launched_at=2026-09-09T09:01:43.183209+00:00
  Reused completed task: /fslarge/scratch/users/h61084/codes/improved/outputs/foundation_models/tasks/chronos2/multivariate/Oil_Price/B/short/run_0

============================================================
All experiments completed!
Results saved to: /scratch/users/h61084/codes/improved/outputs/foundation_models/tasks
============================================================

############################################################
# All 1 dataset(s) completed!
############################################################

############################################################
# Dataset 1/1: Job_Claims/W
############################################################
Loading configuration...

============================================================
Dataset: Job_Claims/W
Model: amazon/chronos-2
Checkpoint: /fslarge/scratch/users/h61084/weights/chronos2
Terms: ['short']
Covariate mode: none
============================================================

--- Term: short ---
  Config: prediction_length=13, test_length=52, val_length=13
TIME run allocation action=skip run=/fslarge/scratch/users/h61084/codes/improved/outputs/foundation_models/tasks/chronos2/multivariate/Job_Claims/W/short/run_0 source_launch=selena_20260908T145416Z_18651 launch_id=selena_20260909T084557Z_38191 slurm_job_id=3241612 launched_at=2026-09-09T09:01:51.324862+00:00
  Reused completed task: /fslarge/scratch/users/h61084/codes/improved/outputs/foundation_models/tasks/chronos2/multivariate/Job_Claims/W/short/run_0

============================================================
All experiments completed!
Results saved to: /scratch/users/h61084/codes/improved/outputs/foundation_models/tasks
============================================================

############################################################
# All 1 dataset(s) completed!
############################################################

############################################################
# Dataset 1/1: Uncertainty_1M/M
############################################################
Loading configuration...

============================================================
Dataset: Uncertainty_1M/M
Model: amazon/chronos-2
Checkpoint: /fslarge/scratch/users/h61084/weights/chronos2
Terms: ['short']
Covariate mode: none
============================================================

--- Term: short ---
  Config: prediction_length=6, test_length=42, val_length=18
TIME run allocation action=skip run=/fslarge/scratch/users/h61084/codes/improved/outputs/foundation_models/tasks/chronos2/multivariate/Uncertainty_1M/M/short/run_0 source_launch=selena_20260908T145416Z_18651 launch_id=selena_20260909T084557Z_38191 slurm_job_id=3241612 launched_at=2026-09-09T09:01:59.493155+00:00
  Reused completed task: /fslarge/scratch/users/h61084/codes/improved/outputs/foundation_models/tasks/chronos2/multivariate/Uncertainty_1M/M/short/run_0

============================================================
All experiments completed!
Results saved to: /scratch/users/h61084/codes/improved/outputs/foundation_models/tasks
============================================================

############################################################
# All 1 dataset(s) completed!
############################################################

############################################################
# Dataset 1/1: Housing_Inventory/M
############################################################
Loading configuration...

============================================================
Dataset: Housing_Inventory/M
Model: amazon/chronos-2
Checkpoint: /fslarge/scratch/users/h61084/weights/chronos2
Terms: ['short']
Covariate mode: none
============================================================

--- Term: short ---
  Config: prediction_length=12, test_length=36, val_length=12
TIME run allocation action=skip run=/fslarge/scratch/users/h61084/codes/improved/outputs/foundation_models/tasks/chronos2/multivariate/Housing_Inventory/M/short/run_0 source_launch=selena_20260908T145416Z_18651 launch_id=selena_20260909T084557Z_38191 slurm_job_id=3241612 launched_at=2026-09-09T09:02:07.630651+00:00
  Reused completed task: /fslarge/scratch/users/h61084/codes/improved/outputs/foundation_models/tasks/chronos2/multivariate/Housing_Inventory/M/short/run_0

============================================================
All experiments completed!
Results saved to: /scratch/users/h61084/codes/improved/outputs/foundation_models/tasks
============================================================

############################################################
# All 1 dataset(s) completed!
############################################################

############################################################
# Dataset 1/1: JOLTS/M
############################################################
Loading configuration...

============================================================
Dataset: JOLTS/M
Model: amazon/chronos-2
Checkpoint: /fslarge/scratch/users/h61084/weights/chronos2
Terms: ['short']
Covariate mode: none
============================================================

--- Term: short ---
  Config: prediction_length=12, test_length=60, val_length=12
TIME run allocation action=skip run=/fslarge/scratch/users/h61084/codes/improved/outputs/foundation_models/tasks/chronos2/multivariate/JOLTS/M/short/run_0 source_launch=selena_20260908T145416Z_18651 launch_id=selena_20260909T084557Z_38191 slurm_job_id=3241612 launched_at=2026-09-09T09:02:15.713735+00:00
  Reused completed task: /fslarge/scratch/users/h61084/codes/improved/outputs/foundation_models/tasks/chronos2/multivariate/JOLTS/M/short/run_0

============================================================
All experiments completed!
Results saved to: /scratch/users/h61084/codes/improved/outputs/foundation_models/tasks
============================================================

############################################################
# All 1 dataset(s) completed!
############################################################

############################################################
# Dataset 1/1: US_Labor/M
############################################################
Loading configuration...

============================================================
Dataset: US_Labor/M
Model: amazon/chronos-2
Checkpoint: /fslarge/scratch/users/h61084/weights/chronos2
Terms: ['short']
Covariate mode: none
============================================================

--- Term: short ---
  Config: prediction_length=12, test_length=60, val_length=12
TIME run allocation action=skip run=/fslarge/scratch/users/h61084/codes/improved/outputs/foundation_models/tasks/chronos2/multivariate/US_Labor/M/short/run_0 source_launch=selena_20260908T145416Z_18651 launch_id=selena_20260909T084557Z_38191 slurm_job_id=3241612 launched_at=2026-09-09T09:02:23.787327+00:00
  Reused completed task: /fslarge/scratch/users/h61084/codes/improved/outputs/foundation_models/tasks/chronos2/multivariate/US_Labor/M/short/run_0

============================================================
All experiments completed!
Results saved to: /scratch/users/h61084/codes/improved/outputs/foundation_models/tasks
============================================================

############################################################
# All 1 dataset(s) completed!
############################################################

############################################################
# Dataset 1/1: Vehicle_Supply/M
############################################################
Loading configuration...

============================================================
Dataset: Vehicle_Supply/M
Model: amazon/chronos-2
Checkpoint: /fslarge/scratch/users/h61084/weights/chronos2
Terms: ['short']
Covariate mode: none
============================================================

--- Term: short ---
  Config: prediction_length=12, test_length=60, val_length=12
TIME run allocation action=skip run=/fslarge/scratch/users/h61084/codes/improved/outputs/foundation_models/tasks/chronos2/multivariate/Vehicle_Supply/M/short/run_0 source_launch=selena_20260908T145416Z_18651 launch_id=selena_20260909T084557Z_38191 slurm_job_id=3241612 launched_at=2026-09-09T09:02:31.883082+00:00
  Reused completed task: /fslarge/scratch/users/h61084/codes/improved/outputs/foundation_models/tasks/chronos2/multivariate/Vehicle_Supply/M/short/run_0

============================================================
All experiments completed!
Results saved to: /scratch/users/h61084/codes/improved/outputs/foundation_models/tasks
============================================================

############################################################
# All 1 dataset(s) completed!
############################################################

############################################################
# Dataset 1/1: Auto_Production_SF/M
############################################################
Loading configuration...

============================================================
Dataset: Auto_Production_SF/M
Model: amazon/chronos-2
Checkpoint: /fslarge/scratch/users/h61084/weights/chronos2
Terms: ['short']
Covariate mode: none
============================================================

--- Term: short ---
  Config: prediction_length=12, test_length=60, val_length=12
TIME run allocation action=skip run=/fslarge/scratch/users/h61084/codes/improved/outputs/foundation_models/tasks/chronos2/univariate/Auto_Production_SF/M/short/run_0 source_launch=selena_20260908T145416Z_18651 launch_id=selena_20260909T084557Z_38191 slurm_job_id=3241612 launched_at=2026-09-09T09:02:39.913816+00:00
  Reused completed task: /fslarge/scratch/users/h61084/codes/improved/outputs/foundation_models/tasks/chronos2/univariate/Auto_Production_SF/M/short/run_0

============================================================
All experiments completed!
Results saved to: /scratch/users/h61084/codes/improved/outputs/foundation_models/tasks
============================================================

############################################################
# All 1 dataset(s) completed!
############################################################

############################################################
# Dataset 1/1: Commodity_Production/M
############################################################
Loading configuration...

============================================================
Dataset: Commodity_Production/M
Model: amazon/chronos-2
Checkpoint: /fslarge/scratch/users/h61084/weights/chronos2
Terms: ['short']
Covariate mode: none
============================================================

--- Term: short ---
  Config: prediction_length=12, test_length=60, val_length=12
TIME run allocation action=skip run=/fslarge/scratch/users/h61084/codes/improved/outputs/foundation_models/tasks/chronos2/univariate/Commodity_Production/M/short/run_0 source_launch=selena_20260908T145416Z_18651 launch_id=selena_20260909T084557Z_38191 slurm_job_id=3241612 launched_at=2026-09-09T09:02:48.012720+00:00
  Reused completed task: /fslarge/scratch/users/h61084/codes/improved/outputs/foundation_models/tasks/chronos2/univariate/Commodity_Production/M/short/run_0

============================================================
All experiments completed!
Results saved to: /scratch/users/h61084/codes/improved/outputs/foundation_models/tasks
============================================================

############################################################
# All 1 dataset(s) completed!
############################################################

############################################################
# Dataset 1/1: Commodity_Import/M
############################################################
Loading configuration...

============================================================
Dataset: Commodity_Import/M
Model: amazon/chronos-2
Checkpoint: /fslarge/scratch/users/h61084/weights/chronos2
Terms: ['short']
Covariate mode: none
============================================================

--- Term: short ---
  Config: prediction_length=12, test_length=60, val_length=12
TIME run allocation action=skip run=/fslarge/scratch/users/h61084/codes/improved/outputs/foundation_models/tasks/chronos2/univariate/Commodity_Import/M/short/run_0 source_launch=selena_20260908T145416Z_18651 launch_id=selena_20260909T084557Z_38191 slurm_job_id=3241612 launched_at=2026-09-09T09:02:56.134245+00:00
  Reused completed task: /fslarge/scratch/users/h61084/codes/improved/outputs/foundation_models/tasks/chronos2/univariate/Commodity_Import/M/short/run_0

============================================================
All experiments completed!
Results saved to: /scratch/users/h61084/codes/improved/outputs/foundation_models/tasks
============================================================

############################################################
# All 1 dataset(s) completed!
############################################################

############################################################
# Dataset 1/1: WUI_Global/Q
############################################################
Loading configuration...

============================================================
Dataset: WUI_Global/Q
Model: amazon/chronos-2
Checkpoint: /fslarge/scratch/users/h61084/weights/chronos2
Terms: ['short']
Covariate mode: none
============================================================

--- Term: short ---
  Config: prediction_length=4, test_length=20, val_length=20
TIME run allocation action=skip run=/fslarge/scratch/users/h61084/codes/improved/outputs/foundation_models/tasks/chronos2/multivariate/WUI_Global/Q/short/run_0 source_launch=selena_20260908T145416Z_18651 launch_id=selena_20260909T084557Z_38191 slurm_job_id=3241612 launched_at=2026-09-09T09:03:04.248359+00:00
  Reused completed task: /fslarge/scratch/users/h61084/codes/improved/outputs/foundation_models/tasks/chronos2/multivariate/WUI_Global/Q/short/run_0

============================================================
All experiments completed!
Results saved to: /scratch/users/h61084/codes/improved/outputs/foundation_models/tasks
============================================================

############################################################
# All 1 dataset(s) completed!
############################################################

############################################################
# Dataset 1/1: Global_Price/Q
############################################################
Loading configuration...

============================================================
Dataset: Global_Price/Q
Model: amazon/chronos-2
Checkpoint: /fslarge/scratch/users/h61084/weights/chronos2
Terms: ['short']
Covariate mode: none
============================================================

--- Term: short ---
  Config: prediction_length=4, test_length=20, val_length=8
TIME run allocation action=skip run=/fslarge/scratch/users/h61084/codes/improved/outputs/foundation_models/tasks/chronos2/multivariate/Global_Price/Q/short/run_0 source_launch=selena_20260908T145416Z_18651 launch_id=selena_20260909T084557Z_38191 slurm_job_id=3241612 launched_at=2026-09-09T09:03:13.079875+00:00
  Reused completed task: /fslarge/scratch/users/h61084/codes/improved/outputs/foundation_models/tasks/chronos2/multivariate/Global_Price/Q/short/run_0

============================================================
All experiments completed!
Results saved to: /scratch/users/h61084/codes/improved/outputs/foundation_models/tasks
============================================================

############################################################
# All 1 dataset(s) completed!
############################################################

############################################################
# Dataset 1/1: Vehicle_Sales/M
############################################################
Loading configuration...

============================================================
Dataset: Vehicle_Sales/M
Model: amazon/chronos-2
Checkpoint: /fslarge/scratch/users/h61084/weights/chronos2
Terms: ['short']
Covariate mode: none
============================================================

--- Term: short ---
  Config: prediction_length=12, test_length=60, val_length=12
TIME run allocation action=skip run=/fslarge/scratch/users/h61084/codes/improved/outputs/foundation_models/tasks/chronos2/multivariate/Vehicle_Sales/M/short/run_0 source_launch=selena_20260908T145416Z_18651 launch_id=selena_20260909T084557Z_38191 slurm_job_id=3241612 launched_at=2026-09-09T09:03:21.475171+00:00
  Reused completed task: /fslarge/scratch/users/h61084/codes/improved/outputs/foundation_models/tasks/chronos2/multivariate/Vehicle_Sales/M/short/run_0

============================================================
All experiments completed!
Results saved to: /scratch/users/h61084/codes/improved/outputs/foundation_models/tasks
============================================================

############################################################
# All 1 dataset(s) completed!
############################################################

############################################################
# Dataset 1/1: Online_Retail_2_UCI/D
############################################################
Loading configuration...

============================================================
Dataset: Online_Retail_2_UCI/D
Model: amazon/chronos-2
Checkpoint: /fslarge/scratch/users/h61084/weights/chronos2
Terms: ['short']
Covariate mode: none
============================================================

--- Term: short ---
  Config: prediction_length=30, test_length=180, val_length=90
TIME run allocation action=skip run=/fslarge/scratch/users/h61084/codes/improved/outputs/foundation_models/tasks/chronos2/univariate/Online_Retail_2_UCI/D/short/run_0 source_launch=selena_20260908T145416Z_18651 launch_id=selena_20260909T084557Z_38191 slurm_job_id=3241612 launched_at=2026-09-09T09:03:30.545327+00:00
  Reused completed task: /fslarge/scratch/users/h61084/codes/improved/outputs/foundation_models/tasks/chronos2/univariate/Online_Retail_2_UCI/D/short/run_0

============================================================
All experiments completed!
Results saved to: /scratch/users/h61084/codes/improved/outputs/foundation_models/tasks
============================================================

############################################################
# All 1 dataset(s) completed!
############################################################

############################################################
# Dataset 1/1: Supply_Chain_Customer/D
############################################################
Loading configuration...

============================================================
Dataset: Supply_Chain_Customer/D
Model: amazon/chronos-2
Checkpoint: /fslarge/scratch/users/h61084/weights/chronos2
Terms: ['short']
Covariate mode: none
============================================================

--- Term: short ---
  Config: prediction_length=30, test_length=365, val_length=90
TIME run allocation action=skip run=/fslarge/scratch/users/h61084/codes/improved/outputs/foundation_models/tasks/chronos2/multivariate/Supply_Chain_Customer/D/short/run_0 source_launch=selena_20260908T145416Z_18651 launch_id=selena_20260909T084557Z_38191 slurm_job_id=3241612 launched_at=2026-09-09T09:03:39.015013+00:00
  Reused completed task: /fslarge/scratch/users/h61084/codes/improved/outputs/foundation_models/tasks/chronos2/multivariate/Supply_Chain_Customer/D/short/run_0

============================================================
All experiments completed!
Results saved to: /scratch/users/h61084/codes/improved/outputs/foundation_models/tasks
============================================================

############################################################
# All 1 dataset(s) completed!
############################################################

############################################################
# Dataset 1/1: Supply_Chain_Location/D
############################################################
Loading configuration...

============================================================
Dataset: Supply_Chain_Location/D
Model: amazon/chronos-2
Checkpoint: /fslarge/scratch/users/h61084/weights/chronos2
Terms: ['short']
Covariate mode: none
============================================================

--- Term: short ---
  Config: prediction_length=30, test_length=365, val_length=90
TIME run allocation action=skip run=/fslarge/scratch/users/h61084/codes/improved/outputs/foundation_models/tasks/chronos2/multivariate/Supply_Chain_Location/D/short/run_0 source_launch=selena_20260908T145416Z_18651 launch_id=selena_20260909T084557Z_38191 slurm_job_id=3241612 launched_at=2026-09-09T09:03:47.336592+00:00
  Reused completed task: /fslarge/scratch/users/h61084/codes/improved/outputs/foundation_models/tasks/chronos2/multivariate/Supply_Chain_Location/D/short/run_0

============================================================
All experiments completed!
Results saved to: /scratch/users/h61084/codes/improved/outputs/foundation_models/tasks
============================================================

############################################################
# All 1 dataset(s) completed!
############################################################

############################################################
# Dataset 1/1: azure2019_D/5T
############################################################
Loading configuration...

============================================================
Dataset: azure2019_D/5T
Model: amazon/chronos-2
Checkpoint: /fslarge/scratch/users/h61084/weights/chronos2
Terms: ['short']
Covariate mode: none
============================================================

--- Term: short ---
  Config: prediction_length=288, test_length=864, val_length=864
TIME run allocation action=skip run=/fslarge/scratch/users/h61084/codes/improved/outputs/foundation_models/tasks/chronos2/multivariate/azure2019_D/5T/short/run_0 source_launch=selena_20260908T145416Z_18651 launch_id=selena_20260909T084557Z_38191 slurm_job_id=3241612 launched_at=2026-09-09T09:03:55.582411+00:00
  Reused completed task: /fslarge/scratch/users/h61084/codes/improved/outputs/foundation_models/tasks/chronos2/multivariate/azure2019_D/5T/short/run_0

============================================================
All experiments completed!
Results saved to: /scratch/users/h61084/codes/improved/outputs/foundation_models/tasks
============================================================

############################################################
# All 1 dataset(s) completed!
############################################################

############################################################
# Dataset 1/1: azure2019_I/5T
############################################################
Loading configuration...

============================================================
Dataset: azure2019_I/5T
Model: amazon/chronos-2
Checkpoint: /fslarge/scratch/users/h61084/weights/chronos2
Terms: ['short']
Covariate mode: none
============================================================

--- Term: short ---
  Config: prediction_length=288, test_length=864, val_length=864
TIME run allocation action=skip run=/fslarge/scratch/users/h61084/codes/improved/outputs/foundation_models/tasks/chronos2/multivariate/azure2019_I/5T/short/run_0 source_launch=selena_20260908T145416Z_18651 launch_id=selena_20260909T084557Z_38191 slurm_job_id=3241612 launched_at=2026-09-09T09:04:03.824175+00:00
  Reused completed task: /fslarge/scratch/users/h61084/codes/improved/outputs/foundation_models/tasks/chronos2/multivariate/azure2019_I/5T/short/run_0

============================================================
All experiments completed!
Results saved to: /scratch/users/h61084/codes/improved/outputs/foundation_models/tasks
============================================================

############################################################
# All 1 dataset(s) completed!
############################################################

############################################################
# Dataset 1/1: azure2019_U/5T
############################################################
Loading configuration...

============================================================
Dataset: azure2019_U/5T
Model: amazon/chronos-2
Checkpoint: /fslarge/scratch/users/h61084/weights/chronos2
Terms: ['short']
Covariate mode: none
============================================================

--- Term: short ---
  Config: prediction_length=48, test_length=288, val_length=96
TIME run allocation action=skip run=/fslarge/scratch/users/h61084/codes/improved/outputs/foundation_models/tasks/chronos2/multivariate/azure2019_U/5T/short/run_0 source_launch=selena_20260908T145416Z_18651 launch_id=selena_20260909T084557Z_38191 slurm_job_id=3241612 launched_at=2026-09-09T09:04:12.046223+00:00
  Reused completed task: /fslarge/scratch/users/h61084/codes/improved/outputs/foundation_models/tasks/chronos2/multivariate/azure2019_U/5T/short/run_0

============================================================
All experiments completed!
Results saved to: /scratch/users/h61084/codes/improved/outputs/foundation_models/tasks
============================================================

############################################################
# All 1 dataset(s) completed!
############################################################

############################################################
# Dataset 1/1: Smart_Manufacturing/H
############################################################
Loading configuration...

============================================================
Dataset: Smart_Manufacturing/H
Model: amazon/chronos-2
Checkpoint: /fslarge/scratch/users/h61084/weights/chronos2
Terms: ['short', 'medium', 'long']
Covariate mode: none
============================================================

--- Term: short ---
  Config: prediction_length=24, test_length=336, val_length=336
TIME run allocation action=skip run=/fslarge/scratch/users/h61084/codes/improved/outputs/foundation_models/tasks/chronos2/multivariate/Smart_Manufacturing/H/short/run_0 source_launch=selena_20260908T145416Z_18651 launch_id=selena_20260909T084557Z_38191 slurm_job_id=3241612 launched_at=2026-09-09T09:04:20.248543+00:00
  Reused completed task: /fslarge/scratch/users/h61084/codes/improved/outputs/foundation_models/tasks/chronos2/multivariate/Smart_Manufacturing/H/short/run_0

--- Term: medium ---
  Config: prediction_length=168, test_length=336, val_length=336
TIME run allocation action=skip run=/fslarge/scratch/users/h61084/codes/improved/outputs/foundation_models/tasks/chronos2/multivariate/Smart_Manufacturing/H/medium/run_0 source_launch=selena_20260908T145416Z_18651 launch_id=selena_20260909T084557Z_38191 slurm_job_id=3241612 launched_at=2026-09-09T09:04:20.256963+00:00
  Reused completed task: /fslarge/scratch/users/h61084/codes/improved/outputs/foundation_models/tasks/chronos2/multivariate/Smart_Manufacturing/H/medium/run_0

--- Term: long ---
  Config: prediction_length=336, test_length=336, val_length=336
TIME run allocation action=skip run=/fslarge/scratch/users/h61084/codes/improved/outputs/foundation_models/tasks/chronos2/multivariate/Smart_Manufacturing/H/long/run_0 source_launch=selena_20260908T145416Z_18651 launch_id=selena_20260909T084557Z_38191 slurm_job_id=3241612 launched_at=2026-09-09T09:04:20.264660+00:00
  Reused completed task: /fslarge/scratch/users/h61084/codes/improved/outputs/foundation_models/tasks/chronos2/multivariate/Smart_Manufacturing/H/long/run_0

============================================================
All experiments completed!
Results saved to: /scratch/users/h61084/codes/improved/outputs/foundation_models/tasks
============================================================

############################################################
# All 1 dataset(s) completed!
############################################################

############################################################
# Dataset 1/1: MetroPT-3/5T
############################################################
Loading configuration...

============================================================
Dataset: MetroPT-3/5T
Model: amazon/chronos-2
Checkpoint: /fslarge/scratch/users/h61084/weights/chronos2
Terms: ['short', 'medium', 'long']
Covariate mode: none
============================================================

--- Term: short ---
  Config: prediction_length=48, test_length=1728, val_length=1728
TIME run allocation action=skip run=/fslarge/scratch/users/h61084/codes/improved/outputs/foundation_models/tasks/chronos2/multivariate/MetroPT-3/5T/short/run_0 source_launch=selena_20260908T145416Z_18651 launch_id=selena_20260909T084557Z_38191 slurm_job_id=3241612 launched_at=2026-09-09T09:04:28.395653+00:00
  Reused completed task: /fslarge/scratch/users/h61084/codes/improved/outputs/foundation_models/tasks/chronos2/multivariate/MetroPT-3/5T/short/run_0

--- Term: medium ---
  Config: prediction_length=288, test_length=1728, val_length=1728
TIME run allocation action=skip run=/fslarge/scratch/users/h61084/codes/improved/outputs/foundation_models/tasks/chronos2/multivariate/MetroPT-3/5T/medium/run_0 source_launch=selena_20260908T145416Z_18651 launch_id=selena_20260909T084557Z_38191 slurm_job_id=3241612 launched_at=2026-09-09T09:04:28.414723+00:00
  Reused completed task: /fslarge/scratch/users/h61084/codes/improved/outputs/foundation_models/tasks/chronos2/multivariate/MetroPT-3/5T/medium/run_0

--- Term: long ---
  Config: prediction_length=576, test_length=1728, val_length=1728
TIME run allocation action=skip run=/fslarge/scratch/users/h61084/codes/improved/outputs/foundation_models/tasks/chronos2/multivariate/MetroPT-3/5T/long/run_0 source_launch=selena_20260908T145416Z_18651 launch_id=selena_20260909T084557Z_38191 slurm_job_id=3241612 launched_at=2026-09-09T09:04:28.433114+00:00
  Reused completed task: /fslarge/scratch/users/h61084/codes/improved/outputs/foundation_models/tasks/chronos2/multivariate/MetroPT-3/5T/long/run_0

============================================================
All experiments completed!
Results saved to: /scratch/users/h61084/codes/improved/outputs/foundation_models/tasks
============================================================

############################################################
# All 1 dataset(s) completed!
############################################################
2026-09-09 11:04:29 | task model=chronos2 runner=run_chronos2.sh environment=uv covariate_mode=none target_mode=auto completed status=success
2026-09-09 11:04:29 | stage evaluate completed status=success
2026-09-09 11:04:29 | workflow foundation_models completed status=success exit_code=0
